[    0.000000] Linux version 4.15.0-212-generic (buildd@lcy02-amd64-083) (gcc version 7.5.0 (Ubuntu 7.5.0-3ubuntu1~18.04)) #223-Ubuntu SMP Tue May 23 13:09:22 UTC 2023 (Ubuntu 4.15.0-212.223-generic 4.15.18)
[    0.000000] Command line: BOOT_IMAGE=/boot/vmlinuz-4.15.0-212-generic root=LABEL=cloudimg-rootfs ro console=tty1 console=ttyS0
[    0.000000] KERNEL supported cpus:
[    0.000000]   Intel GenuineIntel
[    0.000000]   AMD AuthenticAMD
[    0.000000]   Centaur CentaurHauls
[    0.000000] [Firmware Bug]: TSC doesn't count with P0 frequency!
[    0.000000] x86/fpu: x87 FPU will use FXSAVE
[    0.000000] e820: BIOS-provided physical RAM map:
[    0.000000] BIOS-e820: [mem 0x0000000000000000-0x000000000009fbff] usable
[    0.000000] BIOS-e820: [mem 0x000000000009fc00-0x000000000009ffff] reserved
[    0.000000] BIOS-e820: [mem 0x00000000000f0000-0x00000000000fffff] reserved
[    0.000000] BIOS-e820: [mem 0x0000000000100000-0x000000007ffeffff] usable
[    0.000000] BIOS-e820: [mem 0x000000007fff0000-0x000000007fffffff] ACPI data
[    0.000000] BIOS-e820: [mem 0x00000000fec00000-0x00000000fec00fff] reserved
[    0.000000] BIOS-e820: [mem 0x00000000fee00000-0x00000000fee00fff] reserved
[    0.000000] BIOS-e820: [mem 0x00000000fffc0000-0x00000000ffffffff] reserved
[    0.000000] NX (Execute Disable) protection: active
[    0.000000] SMBIOS 2.5 present.
[    0.000000] DMI: innotek GmbH VirtualBox/VirtualBox, BIOS VirtualBox 12/01/2006
[    0.000000] Hypervisor detected: KVM
[    0.000000] e820: last_pfn = 0x7fff0 max_arch_pfn = 0x400000000
[    0.000000] MTRR: Disabled
[    0.000000] x86/PAT: MTRRs disabled, skipping PAT initialization too.
[    0.000000] CPU MTRRs all blank - virtualized system.
[    0.000000] x86/PAT: Configuration [0-7]: WB  WT  UC- UC  WB  WT  UC- UC  
[    0.000000] found SMP MP-table at [mem 0x0009fff0-0x0009ffff]
[    0.000000] Scanning 1 areas for low memory corruption
[    0.000000] RAMDISK: [mem 0x359cb000-0x36cdcfff]
[    0.000000] ACPI: Early table checksum verification disabled
[    0.000000] ACPI: RSDP 0x00000000000E0000 000024 (v02 VBOX  )
[    0.000000] ACPI: XSDT 0x000000007FFF0030 00003C (v01 VBOX   VBOXXSDT 00000001 ASL  00000061)
[    0.000000] ACPI: FACP 0x000000007FFF00F0 0000F4 (v04 VBOX   VBOXFACP 00000001 ASL  00000061)
[    0.000000] ACPI: DSDT 0x000000007FFF0610 002353 (v02 VBOX   VBOXBIOS 00000002 INTL 20100528)
[    0.000000] ACPI: FACS 0x000000007FFF0200 000040
[    0.000000] ACPI: FACS 0x000000007FFF0200 000040
[    0.000000] ACPI: APIC 0x000000007FFF0240 00005C (v02 VBOX   VBOXAPIC 00000001 ASL  00000061)
[    0.000000] ACPI: SSDT 0x000000007FFF02A0 00036C (v01 VBOX   VBOXCPUT 00000002 INTL 20100528)
[    0.000000] ACPI: Reserving FACP table memory at [mem 0x7fff00f0-0x7fff01e3]
[    0.000000] ACPI: Reserving DSDT table memory at [mem 0x7fff0610-0x7fff2962]
[    0.000000] ACPI: Reserving FACS table memory at [mem 0x7fff0200-0x7fff023f]
[    0.000000] ACPI: Reserving FACS table memory at [mem 0x7fff0200-0x7fff023f]
[    0.000000] ACPI: Reserving APIC table memory at [mem 0x7fff0240-0x7fff029b]
[    0.000000] ACPI: Reserving SSDT table memory at [mem 0x7fff02a0-0x7fff060b]
[    0.000000] No NUMA configuration found
[    0.000000] Faking a node at [mem 0x0000000000000000-0x000000007ffeffff]
[    0.000000] NODE_DATA(0) allocated [mem 0x7ffc5000-0x7ffeffff]
[    0.000000] kvm-clock: cpu 0, msr 0:7ff44001, primary cpu clock
[    0.000000] kvm-clock: Using msrs 4b564d01 and 4b564d00
[    0.000000] kvm-clock: using sched offset of 3247799303 cycles
[    0.000000] clocksource: kvm-clock: mask: 0xffffffffffffffff max_cycles: 0x1cd42e4dffb, max_idle_ns: 881590591483 ns
[    0.000000] Zone ranges:
[    0.000000]   DMA      [mem 0x0000000000001000-0x0000000000ffffff]
[    0.000000]   DMA32    [mem 0x0000000001000000-0x000000007ffeffff]
[    0.000000]   Normal   empty
[    0.000000]   Device   empty
[    0.000000] Movable zone start for each node
[    0.000000] Early memory node ranges
[    0.000000]   node   0: [mem 0x0000000000001000-0x000000000009efff]
[    0.000000]   node   0: [mem 0x0000000000100000-0x000000007ffeffff]
[    0.000000] Reserved but unavailable: 104 pages
[    0.000000] Initmem setup node 0 [mem 0x0000000000001000-0x000000007ffeffff]
[    0.000000] ACPI: PM-Timer IO Port: 0x4008
[    0.000000] IOAPIC[0]: apic_id 2, version 32, address 0xfec00000, GSI 0-23
[    0.000000] ACPI: INT_SRC_OVR (bus 0 bus_irq 0 global_irq 2 dfl dfl)
[    0.000000] ACPI: INT_SRC_OVR (bus 0 bus_irq 9 global_irq 9 low level)
[    0.000000] Using ACPI (MADT) for SMP configuration information
[    0.000000] smpboot: Allowing 2 CPUs, 0 hotplug CPUs
[    0.000000] PM: Registered nosave memory: [mem 0x00000000-0x00000fff]
[    0.000000] PM: Registered nosave memory: [mem 0x0009f000-0x0009ffff]
[    0.000000] PM: Registered nosave memory: [mem 0x000a0000-0x000effff]
[    0.000000] PM: Registered nosave memory: [mem 0x000f0000-0x000fffff]
[    0.000000] e820: [mem 0x80000000-0xfebfffff] available for PCI devices
[    0.000000] Booting paravirtualized kernel on KVM
[    0.000000] clocksource: refined-jiffies: mask: 0xffffffff max_cycles: 0xffffffff, max_idle_ns: 7645519600211568 ns
[    0.000000] setup_percpu: NR_CPUS:8192 nr_cpumask_bits:2 nr_cpu_ids:2 nr_node_ids:1
[    0.000000] percpu: Embedded 50 pages/cpu s167936 r8192 d28672 u1048576
[    0.000000] PV qspinlock hash table entries: 256 (order: 0, 4096 bytes)
[    0.000000] Built 1 zonelists, mobility grouping on.  Total pages: 515961
[    0.000000] Policy zone: DMA32
[    0.000000] Kernel command line: BOOT_IMAGE=/boot/vmlinuz-4.15.0-212-generic root=LABEL=cloudimg-rootfs ro console=tty1 console=ttyS0
[    0.000000] Memory: 2014836K/2096696K available (12300K kernel code, 2477K rwdata, 4324K rodata, 2480K init, 2720K bss, 81860K reserved, 0K cma-reserved)
[    0.000000] SLUB: HWalign=64, Order=0-3, MinObjects=0, CPUs=2, Nodes=1
[    0.000000] ftrace: allocating 39508 entries in 155 pages
[    0.004000] Hierarchical RCU implementation.
[    0.004000] 	RCU restricting CPUs from NR_CPUS=8192 to nr_cpu_ids=2.
[    0.004000] 	Tasks RCU enabled.
[    0.004000] RCU: Adjusting geometry for rcu_fanout_leaf=16, nr_cpu_ids=2
[    0.004000] NR_IRQS: 524544, nr_irqs: 440, preallocated irqs: 16
[    0.004000] random: crng init done
[    0.004000] Console: colour VGA+ 80x25
[    0.004000] console [tty1] enabled
[    0.004000] console [ttyS0] enabled
[    0.004000] ACPI: Core revision 20170831
[    0.004000] ACPI: 2 ACPI AML tables successfully acquired and loaded
[    0.004000] APIC: Switch to symmetric I/O mode setup
[    0.004000] ..TIMER: vector=0x30 apic1=0 pin1=2 apic2=-1 pin2=-1
[    0.004000] tsc: Detected 3892.588 MHz processor
[    0.004000] Calibrating delay loop (skipped) preset value.. 7785.17 BogoMIPS (lpj=15570352)
[    0.004000] pid_max: default: 32768 minimum: 301
[    0.004000] Security Framework initialized
[    0.004000] Yama: becoming mindful.
[    0.004000] AppArmor: AppArmor initialized
[    0.004000] Dentry cache hash table entries: 262144 (order: 9, 2097152 bytes)
[    0.004000] Inode-cache hash table entries: 131072 (order: 8, 1048576 bytes)
[    0.004000] Mount-cache hash table entries: 4096 (order: 3, 32768 bytes)
[    0.004000] Mountpoint-cache hash table entries: 4096 (order: 3, 32768 bytes)
[    0.004000] Last level iTLB entries: 4KB 512, 2MB 512, 4MB 256
[    0.004000] Last level dTLB entries: 4KB 2048, 2MB 2048, 4MB 1024, 1GB 0
[    0.004000] Spectre V1 : Mitigation: usercopy/swapgs barriers and __user pointer sanitization
[    0.004004] Spectre V2 : Mitigation: Retpolines
[    0.008002] Spectre V2 : Spectre v2 / SpectreRSB mitigation: Filling RSB on context switch
[    0.012001] Spectre V2 : Spectre v2 / SpectreRSB : Filling RSB on VMEXIT
[    0.016147] Freeing SMP alternatives memory: 36K
[    0.152063] APIC calibration not consistent with PM-Timer: 128ms instead of 100ms
[    0.155595] APIC delta adjusted to PM-Timer: 6347708 (8147267)
[    0.156223] smpboot: CPU0: AMD Ryzen 5 5600G with Radeon Graphics (family: 0x19, model: 0x50, stepping: 0x0)
[    0.160254] Performance Events: PMU not available due to virtualization, using software events only.
[    0.164066] Hierarchical SRCU implementation.
[    0.166663] NMI watchdog: Perf event create on CPU 0 failed with -2
[    0.168002] NMI watchdog: Perf NMI watchdog permanently disabled
[    0.172187] smp: Bringing up secondary CPUs ...
[    0.174784] x86: Booting SMP configuration:
[    0.176002] .... node  #0, CPUs:      #1
[    0.004000] kvm-clock: cpu 1, msr 0:7ff44041, secondary cpu clock
[    0.183334] TSC synchronization [CPU#0 -> CPU#1]:
[    0.184000] Measured 70175 cycles TSC warp between CPUs, turning off TSC clock.
[    0.184000] tsc: Marking TSC unstable due to check_tsc_sync_source failed
[    0.188071] smp: Brought up 1 node, 2 CPUs
[    0.189853] smpboot: Max logical packages: 1
[    0.192003] smpboot: Total of 2 processors activated (15570.35 BogoMIPS)
[    0.196056] devtmpfs: initialized
[    0.197853] x86/mm: Memory block size: 128MB
[    0.200422] evm: security.selinux
[    0.202028] evm: security.SMACK64
[    0.204002] evm: security.SMACK64EXEC
[    0.205725] evm: security.SMACK64TRANSMUTE
[    0.208001] evm: security.SMACK64MMAP
[    0.212001] evm: security.apparmor
[    0.213592] evm: security.ima
[    0.215016] evm: security.capability
[    0.216255] clocksource: jiffies: mask: 0xffffffff max_cycles: 0xffffffff, max_idle_ns: 7645041785100000 ns
[    0.220063] futex hash table entries: 512 (order: 3, 32768 bytes)
[    0.224210] pinctrl core: initialized pinctrl subsystem
[    0.226707] RTC time: 13:45:05, date: 12/09/23
[    0.228683] NET: Registered protocol family 16
[    0.232087] audit: initializing netlink subsys (disabled)
[    0.234646] audit: type=2000 audit(1702129510.024:1): state=initialized audit_enabled=0 res=1
[    0.236310] cpuidle: using governor ladder
[    0.240130] cpuidle: using governor menu
[    0.244977] ACPI: bus type PCI registered
[    0.245743] acpiphp: ACPI Hot Plug PCI Controller Driver version: 0.5
[    0.248264] PCI: Using configuration type 1 for base access
[    0.250545] PCI: Using configuration type 1 for extended access
[    0.256067] HugeTLB registered 2.00 MiB page size, pre-allocated 0 pages
[    0.260272] ACPI: Added _OSI(Module Device)
[    0.262079] ACPI: Added _OSI(Processor Device)
[    0.264002] ACPI: Added _OSI(3.0 _SCP Extensions)
[    0.268002] ACPI: Added _OSI(Processor Aggregator Device)
[    0.270331] ACPI: Added _OSI(Linux-Dell-Video)
[    0.272002] ACPI: Added _OSI(Linux-Lenovo-NV-HDMI-Audio)
[    0.274296] ACPI: Added _OSI(Linux-HPI-Hybrid-Graphics)
[    0.276460] ACPI: Executed 1 blocks of module-level executable AML code
[    0.282679] ACPI: Interpreter enabled
[    0.284010] ACPI: (supports S0 S5)
[    0.285593] ACPI: Using IOAPIC for interrupt routing
[    0.288208] PCI: Using host bridge windows from ACPI; if necessary, use "pci=nocrs" and report a bug
[    0.292127] ACPI: Enabled 2 GPEs in block 00 to 07
[    0.299964] ACPI: PCI Root Bridge [PCI0] (domain 0000 [bus 00-ff])
[    0.300005] acpi PNP0A03:00: _OSC: OS supports [ExtendedConfig ASPM ClockPM Segments MSI]
[    0.304782] acpi PNP0A03:00: _OSC: platform does not support [PCIeCapability]
[    0.308410] acpi PNP0A03:00: _OSC: not requesting control; platform does not support [PCIeCapability]
[    0.312003] acpi PNP0A03:00: _OSC: OS requested [PCIeHotplug PME AER PCIeCapability]
[    0.316002] acpi PNP0A03:00: _OSC: platform willing to grant [PCIeHotplug PME AER]
[    0.320002] acpi PNP0A03:00: _OSC failed (AE_SUPPORT); disabling ASPM
[    0.324392] PCI host bridge to bus 0000:00
[    0.326248] pci_bus 0000:00: root bus resource [io  0x0000-0x0cf7 window]
[    0.328002] pci_bus 0000:00: root bus resource [io  0x0d00-0xffff window]
[    0.332002] pci_bus 0000:00: root bus resource [mem 0x000a0000-0x000bffff window]
[    0.335196] pci_bus 0000:00: root bus resource [mem 0x80000000-0xfdffffff window]
[    0.336002] pci_bus 0000:00: root bus resource [bus 00-ff]
[    0.344574] pci 0000:00:01.1: legacy IDE quirk: reg 0x10: [io  0x01f0-0x01f7]
[    0.347568] pci 0000:00:01.1: legacy IDE quirk: reg 0x14: [io  0x03f6]
[    0.348002] pci 0000:00:01.1: legacy IDE quirk: reg 0x18: [io  0x0170-0x0177]
[    0.352002] pci 0000:00:01.1: legacy IDE quirk: reg 0x1c: [io  0x0376]
[    0.366850] pci 0000:00:07.0: quirk: [io  0x4000-0x403f] claimed by PIIX4 ACPI
[    0.368019] pci 0000:00:07.0: quirk: [io  0x4100-0x410f] claimed by PIIX4 SMB
[    0.378209] ACPI: PCI Interrupt Link [LNKA] (IRQs 5 9 10 *11)
[    0.380284] ACPI: PCI Interrupt Link [LNKB] (IRQs 5 9 *10 11)
[    0.382948] ACPI: PCI Interrupt Link [LNKC] (IRQs 5 *9 10 11)
[    0.384109] ACPI: PCI Interrupt Link [LNKD] (IRQs 5 9 10 *11)
[    0.388412] SCSI subsystem initialized
[    0.390211] pci 0000:00:02.0: vgaarb: setting as boot VGA device
[    0.390756] pci 0000:00:02.0: vgaarb: VGA device added: decodes=io+mem,owns=io+mem,locks=none
[    0.396003] pci 0000:00:02.0: vgaarb: bridge control possible
[    0.400001] vgaarb: loaded
[    0.401360] ACPI: bus type USB registered
[    0.403265] usbcore: registered new interface driver usbfs
[    0.404007] usbcore: registered new interface driver hub
[    0.408021] usbcore: registered new device driver usb
[    0.410319] EDAC MC: Ver: 3.0.0
[    0.412615] PCI: Using ACPI for IRQ routing
[    0.416302] NetLabel: Initializing
[    0.417749] NetLabel:  domain hash size = 128
[    0.419537] NetLabel:  protocols = UNLABELED CIPSOv4 CALIPSO
[    0.420010] NetLabel:  unlabeled traffic allowed by default
[    0.424142] clocksource: Switched to clocksource kvm-clock
[    0.445808] VFS: Disk quotas dquot_6.6.0
[    0.452093] VFS: Dquot-cache hash table entries: 512 (order 0, 4096 bytes)
[    0.455564] AppArmor: AppArmor Filesystem Enabled
[    0.457831] pnp: PnP ACPI init
[    0.460472] pnp: PnP ACPI: found 3 devices
[    0.487664] clocksource: acpi_pm: mask: 0xffffff max_cycles: 0xffffff, max_idle_ns: 2085701024 ns
[    0.491559] NET: Registered protocol family 2
[    0.494129] IP idents hash table entries: 32768 (order: 6, 262144 bytes)
[    0.497380] TCP established hash table entries: 16384 (order: 5, 131072 bytes)
[    0.500943] TCP bind hash table entries: 16384 (order: 6, 262144 bytes)
[    0.504282] TCP: Hash tables configured (established 16384 bind 16384)
[    0.507442] UDP hash table entries: 1024 (order: 3, 32768 bytes)
[    0.510184] UDP-Lite hash table entries: 1024 (order: 3, 32768 bytes)
[    0.513140] NET: Registered protocol family 1
[    0.515197] pci 0000:00:00.0: Limiting direct PCI/PCI transfers
[    0.517916] pci 0000:00:01.0: Activating ISA DMA hang workarounds
[    0.520795] pci 0000:00:02.0: Video device with shadowed ROM at [mem 0x000c0000-0x000dffff]
[    0.524528] Unpacking initramfs...
[    0.694994] Freeing initrd memory: 19528K
[    0.799148] clocksource: tsc: mask: 0xffffffffffffffff max_cycles: 0x70380062691, max_idle_ns: 881590660993 ns
[    0.803645] platform rtc_cmos: registered platform RTC device (no PNP device found)
[    0.807050] Scanning for low memory corruption every 60 seconds
[    0.810823] Initialise system trusted keyrings
[    0.812967] Key type blacklist registered
[    0.815104] workingset: timestamp_bits=36 max_order=19 bucket_order=0
[    0.819338] zbud: loaded
[    0.821763] squashfs: version 4.0 (2009/01/31) Phillip Lougher
[    0.824946] fuse init (API version 7.26)
[    0.846038] Key type asymmetric registered
[    0.847758] Asymmetric key parser 'x509' registered
[    0.849923] Block layer SCSI generic (bsg) driver version 0.4 loaded (major 246)
[    0.853279] io scheduler noop registered
[    0.854900] io scheduler deadline registered
[    0.856695] io scheduler cfq registered (default)
[    0.859229] ACPI: AC Adapter [AC] (on-line)
[    0.861145] input: Power Button as /devices/LNXSYSTM:00/LNXPWRBN:00/input/input0
[    0.864668] ACPI: Power Button [PWRF]
[    0.866259] input: Sleep Button as /devices/LNXSYSTM:00/LNXSLPBN:00/input/input1
[    0.869343] ACPI: Sleep Button [SLPF]
[    0.871889] Serial: 8250/16550 driver, 32 ports, IRQ sharing enabled
[    0.898391] 00:02: ttyS0 at I/O 0x3f8 (irq = 4, base_baud = 115200) is a 16550A
[    0.911103] Linux agpgart interface v0.103
[    0.917627] loop: module loaded
[    0.920316] scsi host0: ata_piix
[    0.922085] scsi host1: ata_piix
[    0.923635] ata1: PATA max UDMA/33 cmd 0x1f0 ctl 0x3f6 bmdma 0xd000 irq 14
[    0.926659] ata2: PATA max UDMA/33 cmd 0x170 ctl 0x376 bmdma 0xd008 irq 15
[    0.929854] tun: Universal TUN/TAP device driver, 1.6
[    0.932469] PPP generic driver version 2.4.2
[    0.934568] ehci_hcd: USB 2.0 'Enhanced' Host Controller (EHCI) Driver
[    0.937440] ehci-pci: EHCI PCI platform driver
[    0.939427] ehci-platform: EHCI generic platform driver
[    0.941811] ohci_hcd: USB 1.1 'Open' Host Controller (OHCI) Driver
[    0.944534] ohci-pci: OHCI PCI platform driver
[    0.946560] ohci-platform: OHCI generic platform driver
[    0.949067] uhci_hcd: USB Universal Host Controller Interface driver
[    0.951869] i8042: PNP: PS/2 Controller [PNP0303:PS2K,PNP0f03:PS2M] at 0x60,0x64 irq 1,12
[    0.957147] serio: i8042 KBD port at 0x60,0x64 irq 1
[    0.959359] serio: i8042 AUX port at 0x60,0x64 irq 12
[    0.962198] mousedev: PS/2 mouse device common for all mice
[    0.965676] input: AT Translated Set 2 keyboard as /devices/platform/i8042/serio0/input/input2
[    0.968839] rtc_cmos rtc_cmos: rtc core: registered rtc_cmos as rtc0
[    0.972664] rtc_cmos rtc_cmos: alarms up to one day, 114 bytes nvram
[    0.975183] i2c /dev entries driver
[    0.976724] device-mapper: uevent: version 1.0.3
[    0.979040] device-mapper: ioctl: 4.37.0-ioctl (2017-09-20) initialised: dm-devel@redhat.com
[    0.982721] ledtrig-cpu: registered to indicate activity on CPUs
[    0.986334] NET: Registered protocol family 10
[    0.993870] Segment Routing with IPv6
[    0.995591] NET: Registered protocol family 17
[    0.998228] Key type dns_resolver registered
[    1.000715] mce: Using 0 MCE banks
[    1.002383] RAS: Correctable Errors collector initialized.
[    1.004880] sched_clock: Marking stable (1004826251, 0)->(1357222916, -352396665)
[    1.009979] registered taskstats version 1
[    1.011875] Loading compiled-in X.509 certificates
[    1.016824] Loaded X.509 cert 'Build time autogenerated kernel key: b5b26778eaa3ab3a4a6cee031137706e947d12ad'
[    1.021343] Loaded X.509 cert 'Canonical Ltd. Live Patch Signing: 14df34d1a87cf37625abec039ef2bf521249b969'
[    1.025822] Loaded X.509 cert 'Canonical Ltd. Kernel Module Signing: 88f752e560a1e0737e31163a466ad7b70a850c19'
[    1.030109] blacklist: Loading compiled-in revocation X.509 certificates
[    1.033206] Loaded X.509 cert 'Canonical Ltd. Secure Boot Signing: 61482aa2830d0ab2ad5af10b7250da9033ddcef0'
[    1.037410] Loaded X.509 cert 'Canonical Ltd. Secure Boot Signing (2017): 242ade75ac4a15e50d50c84b0d45ff3eae707a03'
[    1.041839] Loaded X.509 cert 'Canonical Ltd. Secure Boot Signing (ESM 2018): 365188c1d374d6b07c3c8f240f8ef722433d6a8b'
[    1.046445] Loaded X.509 cert 'Canonical Ltd. Secure Boot Signing (2019): c0746fd6c5da3ae827864651ad66ae47fe24b3e8'
[    1.050869] Loaded X.509 cert 'Canonical Ltd. Secure Boot Signing (2021 v1): a8d54bbb3825cfb94fa13c9f8a594a195c107b8d'
[    1.055535] Loaded X.509 cert 'Canonical Ltd. Secure Boot Signing (2021 v2): 4cf046892d6fd3c9a5b03f98d845f90851dc6a8c'
[    1.059999] Loaded X.509 cert 'Canonical Ltd. Secure Boot Signing (2021 v3): 100437bb6de6e469b581e61cd66bce3ef4ed53af'
[    1.064596] Loaded X.509 cert 'Canonical Ltd. Secure Boot Signing (Ubuntu Core 2019): c1d57b8f6b743f23ee41f4f7ee292f06eecadfb9'
[    1.069338] zswap: loaded using pool lzo/zbud
[    1.076502] Key type big_key registered
[    1.078140] Key type trusted registered
[    1.082090] Key type encrypted registered
[    1.083788] AppArmor: AppArmor sha1 policy hashing enabled
[    1.086147] ima: No TPM chip found, activating TPM-bypass! (rc=-19)
[    1.088807] ima: Allocated hash algorithm: sha1
[    1.090739] evm: HMAC attrs: 0x1
[    1.092764]   Magic number: 3:328:786
[    1.110084] rtc_cmos rtc_cmos: setting system clock to 2023-12-09 13:45:06 UTC (1702129506)
[    1.128222] BIOS EDD facility v0.16 2004-Jun-25, 0 devices found
[    1.130817] EDD information not available.
[    1.134477] Freeing unused kernel image memory: 2480K
[    1.152353] Write protecting the kernel read-only data: 20480k
[    1.155367] Freeing unused kernel image memory: 2008K
[    1.157821] Freeing unused kernel image memory: 1820K
[    1.163154] x86/mm: Checked W+X mappings: passed, no W+X pages found.
Loading, please wait...
starting version 237
[    1.215788] e1000: Intel(R) PRO/1000 Network Driver - version 7.3.21-k8-NAPI
[    1.218884] e1000: Copyright (c) 1999-2006 Intel Corporation.
[    1.222198] Fusion MPT base driver 3.04.20
[    1.224220] Copyright (c) 1999-2008 LSI Corporation
[    1.230380] Fusion MPT SPI Host driver 3.04.20
[    1.243028] SSE version of gcm_enc/dec engaged.
[    1.444523] input: ImExPS/2 Generic Explorer Mouse as /devices/platform/i8042/serio1/input/input4
[    1.708704] e1000 0000:00:03.0 eth0: (PCI:33MHz:32-bit) 02:3b:7b:b7:3b:2d
[    1.711658] e1000 0000:00:03.0 eth0: Intel(R) PRO/1000 Network Connection
[    1.716476] mptbase: ioc0: Initiating bringup
[    2.218427] ioc0: LSI53C1030 A0: Capabilities={Initiator}
[    2.601008] scsi host2: ioc0: LSI53C1030 A0, FwRev=00000000h, Ports=1, MaxQ=256, IRQ=20
[    3.186188] scsi 2:0:0:0: Direct-Access     VBOX     HARDDISK         1.0  PQ: 0 ANSI: 5
[    3.224058] scsi target2:0:0: Beginning Domain Validation
[    3.235433] scsi target2:0:0: Domain Validation skipping write tests
[    3.238312] scsi target2:0:0: Ending Domain Validation
[    3.240771] scsi target2:0:0: asynchronous
[    3.243695] scsi 2:0:1:0: Direct-Access     VBOX     HARDDISK         1.0  PQ: 0 ANSI: 5
[    3.604919] scsi target2:0:1: Beginning Domain Validation
[    3.611300] scsi target2:0:1: Domain Validation skipping write tests
[    3.614149] scsi target2:0:1: Ending Domain Validation
[    3.616832] scsi target2:0:1: asynchronous
[    3.623905] sd 2:0:0:0: Attached scsi generic sg0 type 0
[    3.626889] sd 2:0:0:0: [sda] 83886080 512-byte logical blocks: (42.9 GB/40.0 GiB)
[    3.627097] sd 2:0:1:0: [sdb] 20480 512-byte logical blocks: (10.5 MB/10.0 MiB)
[    3.630576] sd 2:0:1:0: Attached scsi generic sg1 type 0
[    3.633732] sd 2:0:0:0: [sda] Write Protect is off
[    3.638367] sd 2:0:1:0: [sdb] Write Protect is off
[    3.638534] sd 2:0:0:0: [sda] Incomplete mode parameter data
[    3.642816] sd 2:0:0:0: [sda] Assuming drive cache: write through
[    3.646151] sd 2:0:1:0: [sdb] Incomplete mode parameter data
[    3.648858] sd 2:0:1:0: [sdb] Assuming drive cache: write through
[    3.655888]  sda: sda1
[    3.659352] sd 2:0:0:0: [sda] Attached SCSI disk
[    3.662045] sd 2:0:1:0: [sdb] Attached SCSI disk
[    3.677662] e1000 0000:00:08.0 eth1: (PCI:33MHz:32-bit) 08:00:27:56:53:5c
[    3.682376] e1000 0000:00:08.0 eth1: Intel(R) PRO/1000 Network Connection
[    3.687027] e1000 0000:00:03.0 enp0s3: renamed from eth0
[    3.705212] e1000 0000:00:08.0 enp0s8: renamed from eth1
Begin: Loading essential drivers ... [    7.434729] raid6: sse2x1   gen() 90613 MB/s
[    9.444031] raid6: sse2x1   xor() 323956 MB/s
[   11.436527] raid6: sse2x2   gen() 377724 MB/s
[   12.494674] raid6: sse2x2   xor() 21454 MB/s
[   12.558012] raid6: sse2x4   gen() 26126 MB/s
[   12.622154] raid6: sse2x4   xor() 14915 MB/s
[   12.624035] raid6: using algorithm sse2x2 gen() 377724 MB/s
[   12.626501] raid6: .... xor() 21454 MB/s, rmw enabled
[   12.629263] raid6: using ssse3x2 recovery algorithm
[   12.632661] xor: measuring software checksum speed
[   12.672430]    prefetch64-sse: 19705.000 MB/sec
[   12.712593]    generic_sse: 18208.000 MB/sec
[   12.714477] xor: using function: prefetch64-sse (19705.000 MB/sec)
[   12.718269] async_tx: api initialized (async)
done.
Begin: Running /scripts/init-premount ... done.
Begin: Mounting root file system ... Begin: Running /scripts/local-top ... done.
Begin: Running /scripts/local-premount ... [   12.754473] Btrfs loaded, crc32c=crc32c-intel
Scanning for Btrfs filesystems
done.
Warning: fsck not present, so skipping root file system
[   12.787704] EXT4-fs (sda1): mounted filesystem with ordered data mode. Opts: (null)
done.
Begin: Running /scripts/local-bottom ... done.
Begin: Running /scripts/init-bottom ... done.
[   12.975923] ip_tables: (C) 2000-2006 Netfilter Core Team
[   12.987611] systemd[1]: systemd 237 running in system mode. (+PAM +AUDIT +SELINUX +IMA +APPARMOR +SMACK +SYSVINIT +UTMP +LIBCRYPTSETUP +GCRYPT +GNUTLS +ACL +XZ +LZ4 +SECCOMP +BLKID +ELFUTILS +KMOD -IDN2 +IDN -PCRE2 default-hierarchy=hybrid)
[   12.996512] systemd[1]: Detected virtualization oracle.
[   12.998723] systemd[1]: Detected architecture x86-64.

Welcome to [1mUbuntu 18.04.6 LTS[0m!

[   13.016947] systemd[1]: Set hostname to <ubuntu>.
[   13.022380] systemd[1]: Initializing machine ID from random generator.
[   13.025205] systemd[1]: Installed transient /etc/machine-id file.
[   13.277515] systemd[1]: Set up automount Arbitrary Executable File Formats File System Automount Point.
[[0;32m  OK  [0m] Set up automount Arbitrary Executabâ€¦rmats File System Automount Point.
[   13.288449] systemd[1]: Created slice System Slice.
[[0;32m  OK  [0m] Created slice System Slice.
[   13.291301] systemd[1]: Listening on LVM2 metadata daemon socket.
[[0;32m  OK  [0m] Listening on LVM2 metadata daemon socket.
[   13.294879] systemd[1]: Listening on Network Service Netlink Socket.
[[0;32m  OK  [0m] Listening on Network Service Netlink Socket.
[[0;32m  OK  [0m] Listening on udev Kernel Socket.
[[0;32m  OK  [0m] Listening on Device-mapper event daemon FIFOs.
[[0;32m  OK  [0m] Listening on /dev/initctl Compatibility Named Pipe.
[[0;32m  OK  [0m] Created slice User and Session Slice.
[[0;32m  OK  [0m] Reached target Slices.
[[0;32m  OK  [0m] Listening on Journal Audit Socket.
[[0;32m  OK  [0m] Created slice system-serial\x2dgetty.slice.
[[0;32m  OK  [0m] Listening on Journal Socket.
         Starting Uncomplicated firewall...
         Starting Monitoring of LVM2 mirrorsâ€¦ng dmeventd or progress polling...
         Starting Create list of required stâ€¦ce nodes for the current kernel...
         Mounting Kernel Debug File System...
         Mounting Huge Pages File System...
         Starting Load Kernel Modules...
[[0;32m  OK  [0m] Started Forward Password Requests to Wall Directory Watch.
[[0;32m  OK  [0m] Reached target Swap.
         Mounting POSIX Message Queue File System...
[[0;32m  OK  [0m] Listening on LVM2 poll daemon socket.
[   13.350226] Loading iSCSI transport class v2.0-870.
[   13.357703] iscsi: registered transport (tcp)
[   13.372722] iscsi: registered transport (iser)
         Starting Set the console keyboard layout...
[[0;32m  OK  [0m] Reached target Mounting snaps.
[[0;32m  OK  [0m] Listening on udev Control Socket.
         Starting udev Coldplug all Devices...
[[0;32m  OK  [0m] Listening on Journal Socket (/dev/log).
[[0;32m  OK  [0m] Reached target Mounted snaps.
[[0;32m  OK  [0m] Reached target User and Group Name Lookups.
[[0;32m  OK  [0m] Listening on fsck to fsckd communication Socket.
         Starting File System Check on Root Device...
[[0;32m  OK  [0m] Reached target System Time Synchronized.
[[0;32m  OK  [0m] Listening on Syslog Socket.
         Starting Journal Service...
[[0;32m  OK  [0m] Started Uncomplicated firewall.
[[0;32m  OK  [0m] Started Create list of required staâ€¦vice nodes for the current kernel.
[[0;32m  OK  [0m] Mounted Kernel Debug File System.
[[0;32m  OK  [0m] Mounted Huge Pages File System.
[[0;32m  OK  [0m] Started Load Kernel Modules.
[[0;32m  OK  [0m] Mounted POSIX Message Queue File System.
         Mounting Kernel Configuration File System...
         Starting Apply Kernel Variables...
         Mounting FUSE Control File System...
         Starting Create Static Device Nodes in /dev...
[[0;32m  OK  [0m] Mounted Kernel Configuration File System.
[[0;32m  OK  [0m] Mounted FUSE Control File System.
[[0;32m  OK  [0m] Started LVM2 metadata daemon.
[[0;32m  OK  [0m] Started File System Check Daemon to report status.
[[0;32m  OK  [0m] Started udev Coldplug all Devices.
[[0;32m  OK  [0m] Started Create Static Device Nodes in /dev.
[[0;32m  OK  [0m] Started File System Check on Root Device.
         Starting Remount Root and Kernel File Systems...
[[0;32m  OK  [0m] Started Journal Service.
[[0;32m  OK  [0m] Started Apply Kernel Variables.
[[0;32m  OK  [0m] Started Remount Root and Kernel File Systems.
         Starting udev Kernel Device Manager...
         Starting Load/Save Random Seed...
         Starting Flush Journal to Persistent Storage...
[[0;32m  OK  [0m] Started Monitoring of LVM2 mirrors,â€¦sing dmeventd or progress polling.
[[0;32m  OK  [0m] Started udev Kernel Device Manager.
[[0;32m  OK  [0m] Started Load/Save Random Seed.
[[0;32m  OK  [0m] Started Flush Journal to Persistent Storage.
[[0;32m  OK  [0m] Found device /dev/ttyS0.
[[0;32m  OK  [0m] Listening on Load/Save RF Kill Switch Status /dev/rfkill Watch.
[[0;32m  OK  [0m] Started Set the console keyboard layout.
[[0;32m  OK  [0m] Reached target Local File Systems (Pre).
[[0;32m  OK  [0m] Reached target Local File Systems.
         Starting Tell Plymouth To Write Out Runtime Data...
         Starting Create Volatile Files and Directories...
         Starting Set console font and keymap...
         Starting Commit a transient machine-id on disk...
         Starting ebtables ruleset management...
         Starting AppArmor initialization...
[[0;32m  OK  [0m] Started Dispatch Password Requests to Console Directory Watch.
[[0;32m  OK  [0m] Reached target Local Encrypted Volumes.
[[0;32m  OK  [0m] Started Tell Plymouth To Write Out Runtime Data.
[[0;32m  OK  [0m] Started Create Volatile Files and Directories.
         Starting Update UTMP about System Boot/Shutdown...
         Mounting Arbitrary Executable File Formats File System...
[[0;32m  OK  [0m] Started Update UTMP about System Boot/Shutdown.
[[0;32m  OK  [0m] Mounted Arbitrary Executable File Formats File System.
[[0;32m  OK  [0m] Started Commit a transient machine-id on disk.
[[0;32m  OK  [0m] Started ebtables ruleset management.
[[0;32m  OK  [0m] Started AppArmor initialization.
         Starting Load AppArmor profiles managed internally by snapd...
         Starting Initial cloud-init job (pre-networking)...
[[0;32m  OK  [0m] Started Load AppArmor profiles managed internally by snapd.
[[0;32m  OK  [0m] Started Set console font and keymap.
[   15.994784] cloud-init[788]: Cloud-init v. 23.1.2-0ubuntu0~18.04.1 running 'init-local' at Sat, 09 Dec 2023 13:45:21 +0000. Up 15.76 seconds.
[[0;32m  OK  [0m] Started Initial cloud-init job (pre-networking).
[[0;32m  OK  [0m] Reached target Network (Pre).
         Starting Network Service...
[[0;32m  OK  [0m] Started Network Service.
         Starting Network Name Resolution...
         Starting Wait for Network to be Configured...
[[0;32m  OK  [0m] Started Network Name Resolution.
[[0;32m  OK  [0m] Reached target Host and Network Name Lookups.
[[0;32m  OK  [0m] Reached target Network.
[[0;32m  OK  [0m] Started Wait for Network to be Configured.
         Starting Initial cloud-init job (metadata service crawler)...
[   18.006359] cloud-init[946]: Cloud-init v. 23.1.2-0ubuntu0~18.04.1 running 'init' at Sat, 09 Dec 2023 13:45:23 +0000. Up 17.93 seconds.
[   18.009969] cloud-init[946]: ci-info: ++++++++++++++++++++++++++++++++++++++Net device info+++++++++++++++++++++++++++++++++++++++
[   18.013145] cloud-init[946]: ci-info: +--------+-------+----------------------------+---------------+--------+-------------------+
[   18.016198] cloud-init[946]: ci-info: | Device |   Up  |          Address           |      Mask     | Scope  |     Hw-Address    |
[   18.019084] cloud-init[946]: ci-info: +--------+-------+----------------------------+---------------+--------+-------------------+
[   18.022234] cloud-init[946]: ci-info: | enp0s3 |  True |         10.0.2.15          | 255.255.255.0 | global | 02:3b:7b:b7:3b:2d |
[   18.025095] cloud-init[946]: ci-info: | enp0s3 |  True | fe80::3b:7bff:feb7:3b2d/64 |       .       |  link  | 02:3b:7b:b7:3b:2d |
[   18.027947] cloud-init[946]: ci-info: | enp0s8 | False |             .              |       .       |   .    | 08:00:27:56:53:5c |
[   18.031267] cloud-init[946]: ci-info: |   lo   |  True |         127.0.0.1          |   255.0.0.0   |  host  |         .         |
[   18.034114] cloud-init[946]: ci-info: |   lo   |  True |          ::1/128           |       .       |  host  |         .         |
[   18.037081] cloud-init[946]: ci-info: +--------+-------+----------------------------+---------------+--------+-------------------+
[   18.040140] cloud-init[946]: ci-info: ++++++++++++++++++++++++++++Route IPv4 info+++++++++++++++++++++++++++++
[   18.042791] cloud-init[946]: ci-info: +-------+-------------+----------+-----------------+-----------+-------+
[   18.045509] cloud-init[946]: ci-info: | Route | Destination | Gateway  |     Genmask     | Interface | Flags |
[   18.048463] cloud-init[946]: ci-info: +-------+-------------+----------+-----------------+-----------+-------+
[   18.051302] cloud-init[946]: ci-info: |   0   |   0.0.0.0   | 10.0.2.2 |     0.0.0.0     |   enp0s3  |   UG  |
[   18.054166] cloud-init[946]: ci-info: |   1   |   10.0.2.0  | 0.0.0.0  |  255.255.255.0  |   enp0s3  |   U   |
[   18.057042] cloud-init[946]: ci-info: |   2   |   10.0.2.2  | 0.0.0.0  | 255.255.255.255 |   enp0s3  |   UH  |
[   18.059657] cloud-init[946]: ci-info: +-------+-------------+----------+-----------------+-----------+-------+
[   18.062879] cloud-init[946]: ci-info: +++++++++++++++++++Route IPv6 info+++++++++++++++++++
[   18.065462] cloud-init[946]: ci-info: +-------+-------------+---------+-----------+-------+
[   18.068236] cloud-init[946]: ci-info: | Route | Destination | Gateway | Interface | Flags |
[   18.071087] cloud-init[946]: ci-info: +-------+-------------+---------+-----------+-------+
[   18.073800] cloud-init[946]: ci-info: |   1   |  fe80::/64  |    ::   |   enp0s3  |   U   |
[   18.076277] cloud-init[946]: ci-info: |   3   |    local    |    ::   |   enp0s3  |   U   |
[   18.078723] cloud-init[946]: ci-info: |   4   |   ff00::/8  |    ::   |   enp0s3  |   U   |
[   18.083065] cloud-init[946]: ci-info: +-------+-------------+---------+-----------+-------+
[   18.651157] cloud-init[946]: Generating public/private rsa key pair.
[   18.653769] cloud-init[946]: Your identification has been saved in /etc/ssh/ssh_host_rsa_key.
[   18.656828] cloud-init[946]: Your public key has been saved in /etc/ssh/ssh_host_rsa_key.pub.
[   18.659825] cloud-init[946]: The key fingerprint is:
[   18.662651] cloud-init[946]: SHA256:E+AlEFzRKg4Q/YnUFw+l81ANZTrIzoKFGfXt+t9JRss root@ubuntu-bionic
[   18.665644] cloud-init[946]: The key's randomart image is:
[   18.668136] cloud-init[946]: +---[RSA 2048]----+
[   18.671000] cloud-init[946]: |.o.+++B==+o      |
[   18.673516] cloud-init[946]: |. o+o+.@.o.      |
[   18.675744] cloud-init[946]: | ooo.oO.*        |
[   18.677873] cloud-init[946]: |  oo+o.= o       |
[   18.679812] cloud-init[946]: |  .o..o S   .    |
[   18.682046] cloud-init[946]: |    .. . . o .   |
[   18.684102] cloud-init[946]: |      .     E    |
[   18.686159] cloud-init[946]: |       .   + .   |
[   18.688754] cloud-init[946]: |        ... o    |
[   18.690711] cloud-init[946]: [[0;32m  OK  [0m] Started Initial cloud-init job (metadata service crawler).
[[0;32m  OK  [0m] Reached target Cloud-config availability.
[[0;32m  OK  [0m] Reached target Network is Online.
         Starting Availability of block devices...
[[0;32m  OK  [0m] Reached target Remote File Systems (Pre).
[[0;32m  OK  [0m] Reached target Remote File Systems.
[[0;32m  OK  [0m] Reached target System Initialization.
[[0;32m  OK  [0m] Started Discard unused blocks once a week.
[[0;32m  OK  [0m] Started Message of the Day.
[[0;32m  OK  [0m] Listening on UUID daemon activation socket.
[[0;32m  OK  [0m] Started Daily Cleanup of Temporary Directories.
         Starting LXD - unix socket.
         Starting Socket activation for snappy daemon.
[[0;32m  OK  [0m] Started Daily apt download activities.
[[0;32m  OK  [0m] Listening on ACPID Listen Socket.
[[0;32m  OK  [0m] Started Daily apt upgrade and clean activities.
[[0;32m  OK  [0m] Listening on D-Bus System Message Bus Socket.
[[0;32m  OK  [0m] Started ACPI Events Check.
[[0;32m  OK  [0m] Listening on cloud-init hotplug hook socket.
[[0;32m  OK  [0m] Reached target Paths.
[[0;32m  OK  [0m] Started Ubuntu Advantage Timer for running repeated jobs.
[[0;32m  OK  [0m] Reached target Timers.
[[0;32m  OK  [0m] Listening on Open-iSCSI iscsid Socket.
[[0;32m  OK  [0m] Listening on Socket activation for snappy daemon.
[[0;32m  OK  [0m] Listening on LXD - unix socket.
[[0;32m  OK  [0m] Reached target Sockets.
[[0;32m  OK  [0m] Reached target Basic System.
[[0;32m  OK  [0m] Started Deferred execution scheduler.
         Starting Dispatcher daemon for systemd-networkd...
         Starting Virtualbox guest utils...
[[0;32m  OK  [0m] Started irqbalance daemon.
         Starting LXD - container startup/shutdown...
+----[SHA256]-----+         Starting Pollinate to seed the pseudo random number generator...

[[0;32m  OK  [0m] Reached target Login Prompts (Pre).
         Starting Accounts Service...
[   18.719655] cloud-init[946]: Generating public/private dsa key pair.
[   18.720902] cloud-init[946]: Your identification has been saved in /etc/ssh/ssh_host_dsa_key.
         Starting Login Service...
         Starting Permit User Sessions...
         Starting System Logging Service...
[[0;32m  OK  [0m] Started FUSE filesystem for LXC.
         Starting LSB: Record successful boot for GRUB...
         Starting LSB: automatic crash report generation...
[   18.734077] cloud-init[946]: Your public key has been saved in /etc/ssh/ssh_host_dsa_key.pub.
[   18.747159] cloud-init[946]: The key fingerprint is:
[   18.748958] cloud-init[946]: SHA256:Rw6iZrXJ9RO6AEyYpNva3FwAP5Q9MaaWDcjRpgXT8iA root@ubuntu-bionic
[   18.750761] cloud-init[946]: The key's randomart image is:
[   18.751803] cloud-init[946]: +---[DSA 1024]----+
[   18.752712] cloud-init[946]: | o*O+o+.         |
[   18.753763] cloud-init[946]: |E.BB**o.         |
[   18.754717] cloud-init[946]: |.. BX +.o o      |
[   18.755857] cloud-init[946]: | o...B = * .     |
[   18.756826] cloud-init[946]: |. . + * S =      |
[   18.757926] cloud-init[946]: | + = . . o .     |
[   18.758881] cloud-init[946]: |. o o   .        |
[   18.759723] cloud-init[946]: |                 |
[   18.760651] cloud-init[946]: |                 |
[   18.761641] cloud-init[946]: +----[SHA256]-----+
[   18.763078] cloud-init[946]: Generating public/private ecdsa key pair.
[   18.764809] cloud-init[946]: Your identification has been saved in /etc/ssh/ssh_host_ecdsa_key.
[   18.766538] cloud-init[946]: Your public key has been saved in /etc/ssh/ssh_host_ecdsa_key.pub.
[   18.769502] cloud-init[946]: The key fingerprint is:
[   18.770834] cloud-init[946]: SHA256:+hcpPjueoc6kVDTAFIybh1QAjOfM/9f9tiD/EBDWi9o root@ubuntu-bionic
[   18.772701] cloud-init[946]: The key's randomart image is:
[   18.773857] cloud-init[946]: +---[ECDSA 256]---+
[   18.774985] cloud-init[946]: |+..B=.    o.     |
[   18.776261] cloud-init[946]: |..+ o.   . ..    |
[   18.777309] cloud-init[946]: | * +  o   .. .   |
[   18.778202] cloud-init[946]: |  B .. .  ...    |
[   18.779312] cloud-init[946]: |   o  . So ..    |
[   18.780608] cloud-init[946]: |    .. .o E  .   |
[   18.781854] cloud-init[946]: |    ..o..o.oo    |
[   18.783139] cloud-init[946]: |   . +.o=ooo.o.  |
[   18.784904] cloud-init[946]: |    ..+o==  .++. |
[   18.785854] cloud-init[946]: +----[SHA256]-----+
[   18.786723] cloud-init[946]: Generating public/private ed25519 key pair.
[   18.788013] cloud-init[946]: Your identification has been saved in /etc/ssh/ssh_host_ed25519_key.
[   18.789654] cloud-init[946]: Your public key has been saved in /etc/ssh/ssh_host_ed25519_key.pub.
[   18.791462] cloud-init[946]: The key fingerprint is:
[   18.792575] cloud-init[946]: SHA256:W4/6w6kOWWjpOHNd3LdAy0NduwrBfucFShMkodNCY4c root@ubuntu-bionic
[   18.794123] cloud-init[946]: The key's randomart image is:
[   18.795425] cloud-init[946]: +--[ED25519 256]--+
[   18.796526] cloud-init[946]: |        +.+oo   .|
[   18.798693] cloud-init[946]: |       oE=.. o ..|
[   18.800968] cloud-init[946]: |        + .o= o. |
[   18.804993] cloud-init[946]: |       o +.*.+ ..|
[   18.807618] cloud-init[946]: |      + S +oB..o.|
[   18.810143] cloud-init[946]: |     + + + oo++..|
[   18.812970] cloud-init[946]: |    + = o....... |
[   18.815586] cloud-init[946]: |     + . .+      |
[   18.818893] cloud-init[946]: |       .+o..     |
[   18.821179] cloud-init[946]: +----[SHA256]-----+
[[0;32m  OK  [0m] Started Regular background program processing daemon.
[[0;32m  OK  [0m] Started D-Bus System Message Bus.
[[0;32m  OK  [0m] Started Login Service.
[[0;32m  OK  [0m] Started Unattended Upgrades Shutdown.
         Starting Snap Daemon...
[[0;32m  OK  [0m] Started System Logging Service.
[[0;32m  OK  [0m] Started Availability of block devices.
[[0;32m  OK  [0m] Started LXD - container startup/shutdown.
[[0;32m  OK  [0m] Started Permit User Sessions.
         Starting Terminate Plymouth Boot Screen...
         Starting Hold until boot process finishes up...
[[0;32m  OK  [0m] Started LSB: automatic crash report generation.
[[0;32m  OK  [0m] Started Terminate Plymouth Boot Screen.
[[0;32m  OK  [0m] Started Hold until boot process finishes up.
[[0;32m  OK  [0m] Started Serial Getty on ttyS0.
         Starting Set console scheme...
         Starting Authorization Manager...
[[0;32m  OK  [0m] Started Set console scheme.
[[0;32m  OK  [0m] Created slice system-getty.slice.
[[0;32m  OK  [0m] Started Getty on tty1.
[[0;32m  OK  [0m] Reached target Login Prompts.
[[0;32m  OK  [0m] Started LSB: Record successful boot for GRUB.
[[0;32m  OK  [0m] Started Authorization Manager.
[[0;32m  OK  [0m] Started Accounts Service.
[[0;32m  OK  [0m] Started Virtualbox guest utils.
[[0;32m  OK  [0m] Started Dispatcher daemon for systemd-networkd.
[[0;32m  OK  [0m] Started Snap Daemon.
         Starting Wait until snapd is fully seeded...
         Starting Time & Date Service...
[[0;32m  OK  [0m] Started Time & Date Service.
[[0;32m  OK  [0m] Started Pollinate to seed the pseudo random number generator.
         Starting OpenBSD Secure Shell server...
[[0;32m  OK  [0m] Started OpenBSD Secure Shell server.
[[0;32m  OK  [0m] Created slice User Slice of vagrant.
         Starting User Manager for UID 1000...
[[0;32m  OK  [0m] Started Session 1 of user vagrant.
[[0;32m  OK  [0m] Started User Manager for UID 1000.

Ubuntu 18.04.6 LTS ubuntu-bionic ttyS0

ubuntu-bionic login: [[0;32m  OK  [0m] Started Wait until snapd is fully seeded.
         Starting Apply the settings specified in cloud-config...
[   33.172109] cloud-init[2417]: Cloud-init v. 23.1.2-0ubuntu0~18.04.1 running 'modules:config' at Sat, 09 Dec 2023 13:45:38 +0000. Up 32.86 seconds.
[[0;32m  OK  [0m] Started Apply the settings specified in cloud-config.
[[0;32m  OK  [0m] Reached target Multi-User System.
         Starting Execute cloud user/final scripts...
[[0;32m  OK  [0m] Reached target Graphical Interface.
         Starting Update UTMP about System Runlevel Changes...
[[0;32m  OK  [0m] Started Update UTMP about System Runlevel Changes.
ci-info: no authorized SSH keys fingerprints found for user ubuntu.
<14>Dec  9 13:45:38 cloud-init: #############################################################
<14>Dec  9 13:45:38 cloud-init: -----BEGIN SSH HOST KEY FINGERPRINTS-----
<14>Dec  9 13:45:38 cloud-init: 1024 SHA256:Rw6iZrXJ9RO6AEyYpNva3FwAP5Q9MaaWDcjRpgXT8iA root@ubuntu-bionic (DSA)
<14>Dec  9 13:45:38 cloud-init: 256 SHA256:+hcpPjueoc6kVDTAFIybh1QAjOfM/9f9tiD/EBDWi9o root@ubuntu-bionic (ECDSA)
<14>Dec  9 13:45:39 cloud-init: 256 SHA256:W4/6w6kOWWjpOHNd3LdAy0NduwrBfucFShMkodNCY4c root@ubuntu-bionic (ED25519)
<14>Dec  9 13:45:39 cloud-init: 2048 SHA256:E+AlEFzRKg4Q/YnUFw+l81ANZTrIzoKFGfXt+t9JRss root@ubuntu-bionic (RSA)
<14>Dec  9 13:45:39 cloud-init: -----END SSH HOST KEY FINGERPRINTS-----
<14>Dec  9 13:45:39 cloud-init: #############################################################
-----BEGIN SSH HOST KEY KEYS-----
ecdsa-sha2-nistp256 AAAAE2VjZHNhLXNoYTItbmlzdHAyNTYAAAAIbmlzdHAyNTYAAABBBDkPgxM5uvHuL06ZbCuvNhIfOFPS6oFPkzNteTOQX+nB7lbGk1El+cK/3qlTznnyKCGa/ZqA+rc69p6aUsg7iI0= root@ubuntu-bionic
ssh-ed25519 AAAAC3NzaC1lZDI1NTE5AAAAIJdwNeFkNXiktZZekHsvRkAGB1uAUfkuAMVvUU7t4yon root@ubuntu-bionic
ssh-rsa AAAAB3NzaC1yc2EAAAADAQABAAABAQDUrjQMIuv1jk5WLwOZeTJkM85Yrpy35NzE62IyhYJzO/zHhSzOPTYlXk810xsAYlsHv34EbslICnjZtmYEbDdS+IKk2wAYJRKPy9MBnl6+wXZMIrvoCNaw9j/yK+sfS161Wk7/qhRWN5wOIxN/RvhfZl/nNWl9sj9UNcmH8mr/nkxEC7lEKEH6llF4i2UlTrwVaUWnDtaSjRf+0qgna7AiTjwPRso9BA5ktGSLwCeGzmFEKIlA0bdEae6YeBxteZce3bMGs/dPRC/hqYFd7MYODrn3RQJfc5NYocSCALKPCX+fXUdGjq0+EU5p1Pd1Ep2MnWCqCAybFjYdMku+xxHX root@ubuntu-bionic
-----END SSH HOST KEY KEYS-----
[   33.631102] cloud-init[2511]: Cloud-init v. 23.1.2-0ubuntu0~18.04.1 running 'modules:final' at Sat, 09 Dec 2023 13:45:38 +0000. Up 33.50 seconds.
[   33.631196] cloud-init[2511]: Cloud-init v. 23.1.2-0ubuntu0~18.04.1 finished at Sat, 09 Dec 2023 13:45:39 +0000. Datasource DataSourceNoCloud [seed=/dev/sdb][dsmode=net].  Up 33.62 seconds
[[0;32m  OK  [0m] Started Execute cloud user/final scripts.
[[0;32m  OK  [0m] Reached target Cloud-init target.
